// Jest Snapshot v1, https://goo.gl/fbAQLP

exports[`ArtworkDetailsContainer component matches ArtworkDetailsContainer component snapshot 1`] = `
<div
  className="artworkdetails"
/>
`;
